// Jest Snapshot v1, https://goo.gl/fbAQLP

exports[`renders App correctly 1`] = `
<Container
  fluid={false}
>
  <Row
    noGutters={false}
  >
    <ProductGroup
      data={
        Object {
          "categories": Array [],
          "categoryType": "subcat",
          "groups": Array [
            Object {
              "flags": Array [
                Object {
                  "bopisSuppress": false,
                  "id": "newcore",
                  "rank": 3,
                },
              ],
              "hero": Object {
                "alt": "",
                "height": 363,
                "href": "https://assets.weimgs.com/weimgs/ab/images/wcm/products/202111/0061/walnut-led-desk-lamp-6-m.jpg",
                "meta": "",
                "rel": "hero",
                "size": "m",
                "width": 363,
              },
              "id": "walnut-led-desk-lamp-w4013",
              "images": Array [
                Object {
                  "alt": "",
                  "height": 363,
                  "href": "https://assets.weimgs.com/weimgs/ab/images/wcm/products/202111/0061/walnut-led-desk-lamp-2-m.jpg",
                  "meta": "",
                  "rel": "althero",
                  "size": "m",
                  "width": 363,
                },
                Object {
                  "alt": "",
                  "height": 363,
                  "href": "https://assets.weimgs.com/weimgs/ab/images/wcm/products/202111/0061/walnut-led-desk-lamp-5-m.jpg",
                  "meta": "",
                  "rel": "althero",
                  "size": "m",
                  "width": 363,
                },
                Object {
                  "alt": "",
                  "height": 363,
                  "href": "https://assets.weimgs.com/weimgs/ab/images/wcm/products/202111/0061/walnut-led-desk-lamp-3-m.jpg",
                  "meta": "",
                  "rel": "althero",
                  "size": "m",
                  "width": 363,
                },
                Object {
                  "alt": "",
                  "height": 363,
                  "href": "https://assets.weimgs.com/weimgs/ab/images/wcm/products/202111/0061/walnut-led-desk-lamp-7-m.jpg",
                  "meta": "",
                  "rel": "althero",
                  "size": "m",
                  "width": 363,
                },
                Object {
                  "alt": "",
                  "height": 363,
                  "href": "https://assets.weimgs.com/weimgs/ab/images/wcm/products/202111/0061/walnut-led-desk-lamp-m.jpg",
                  "meta": "",
                  "rel": "althero",
                  "size": "m",
                  "width": 363,
                },
                Object {
                  "alt": "",
                  "height": 363,
                  "href": "https://assets.weimgs.com/weimgs/ab/images/wcm/products/202111/0061/walnut-led-desk-lamp-1-m.jpg",
                  "meta": "",
                  "rel": "althero",
                  "size": "m",
                  "width": 363,
                },
                Object {
                  "alt": "",
                  "height": 363,
                  "href": "https://assets.weimgs.com/weimgs/ab/images/wcm/products/202111/0061/walnut-led-desk-lamp-4-m.jpg",
                  "meta": "",
                  "rel": "althero",
                  "size": "m",
                  "width": 363,
                },
              ],
              "links": Object {
                "www": "https://www.westelm.com/products/walnut-led-desk-lamp-w4013/",
              },
              "messages": Array [],
              "name": "Walnut LED Desk Lamp",
              "price": Object {
                "regular": 159,
                "selling": 159,
              },
              "reviews": Object {
                "averageRating": 0,
                "id": "walnut-led-desk-lamp-w4013",
                "likelihood": 0,
                "recommendationCount": 0,
                "reviewCount": 0,
                "type": "GROUP_REVIEWS",
              },
              "swatches": Array [],
              "thumbnail": Object {
                "alt": "",
                "height": 363,
                "href": "https://assets.weimgs.com/weimgs/ab/images/wcm/products/202111/0061/walnut-led-desk-lamp-6-m.jpg",
                "meta": "",
                "rel": "thumbnail",
                "size": "m",
                "width": 363,
              },
            },
            Object {
              "flags": Array [],
              "hero": Object {
                "alt": "",
                "height": 363,
                "href": "https://assets.weimgs.com/weimgs/ab/images/wcm/products/202111/0061/walnut-led-task-floor-lamp-1-m.jpg",
                "meta": "",
                "rel": "hero",
                "size": "m",
                "width": 363,
              },
              "id": "walnut-led-task-floor-lamp-w4014",
              "images": Array [
                Object {
                  "alt": "",
                  "height": 363,
                  "href": "https://assets.weimgs.com/weimgs/ab/images/wcm/products/202111/0061/walnut-led-task-floor-lamp-m.jpg",
                  "meta": "",
                  "rel": "althero",
                  "size": "m",
                  "width": 363,
                },
                Object {
                  "alt": "",
                  "height": 363,
                  "href": "https://assets.weimgs.com/weimgs/ab/images/wcm/products/202111/0061/walnut-led-task-floor-lamp-6-m.jpg",
                  "meta": "",
                  "rel": "althero",
                  "size": "m",
                  "width": 363,
                },
                Object {
                  "alt": "",
                  "height": 363,
                  "href": "https://assets.weimgs.com/weimgs/ab/images/wcm/products/202111/0061/walnut-led-task-floor-lamp-4-m.jpg",
                  "meta": "",
                  "rel": "althero",
                  "size": "m",
                  "width": 363,
                },
                Object {
                  "alt": "",
                  "height": 363,
                  "href": "https://assets.weimgs.com/weimgs/ab/images/wcm/products/202111/0061/walnut-led-task-floor-lamp-2-m.jpg",
                  "meta": "",
                  "rel": "althero",
                  "size": "m",
                  "width": 363,
                },
                Object {
                  "alt": "",
                  "height": 363,
                  "href": "https://assets.weimgs.com/weimgs/ab/images/wcm/products/202111/0061/walnut-led-task-floor-lamp-3-m.jpg",
                  "meta": "",
                  "rel": "althero",
                  "size": "m",
                  "width": 363,
                },
                Object {
                  "alt": "",
                  "height": 363,
                  "href": "https://assets.weimgs.com/weimgs/ab/images/wcm/products/202111/0061/walnut-led-task-floor-lamp-7-m.jpg",
                  "meta": "",
                  "rel": "althero",
                  "size": "m",
                  "width": 363,
                },
                Object {
                  "alt": "",
                  "height": 363,
                  "href": "https://assets.weimgs.com/weimgs/ab/images/wcm/products/202111/0061/walnut-led-task-floor-lamp-5-m.jpg",
                  "meta": "",
                  "rel": "althero",
                  "size": "m",
                  "width": 363,
                },
                Object {
                  "alt": "",
                  "height": 363,
                  "href": "https://assets.weimgs.com/weimgs/ab/images/wcm/products/202111/0061/walnut-led-task-floor-lamp-8-m.jpg",
                  "meta": "",
                  "rel": "althero",
                  "size": "m",
                  "width": 363,
                },
              ],
              "links": Object {
                "www": "https://www.westelm.com/products/walnut-led-task-floor-lamp-w4014/",
              },
              "messages": Array [],
              "name": "Walnut LED Task Floor Lamp",
              "price": Object {
                "regular": 199,
                "selling": 199,
              },
              "reviews": Object {
                "averageRating": 0,
                "id": "walnut-led-task-floor-lamp-w4014",
                "likelihood": 0,
                "recommendationCount": 0,
                "reviewCount": 0,
                "type": "GROUP_REVIEWS",
              },
              "swatches": Array [],
              "thumbnail": Object {
                "alt": "",
                "height": 363,
                "href": "https://assets.weimgs.com/weimgs/ab/images/wcm/products/202111/0061/walnut-led-task-floor-lamp-1-m.jpg",
                "meta": "",
                "rel": "thumbnail",
                "size": "m",
                "width": 363,
              },
            },
            Object {
              "flags": Array [
                Object {
                  "bopisSuppress": false,
                  "id": "newcore",
                  "rank": 3,
                },
                Object {
                  "bopisSuppress": false,
                  "id": "handmade",
                  "rank": 8,
                },
                Object {
                  "bopisSuppress": false,
                  "id": "fairTrade",
                  "rank": 9,
                },
                Object {
                  "bopisSuppress": false,
                  "id": "handcrafted",
                  "rank": 10,
                },
              ],
              "hero": Object {
                "alt": "",
                "height": 363,
                "href": "https://assets.weimgs.com/weimgs/ab/images/wcm/products/202108/0216/diamondscape-indoor-outdoor-rug-m.jpg",
                "meta": "",
                "rel": "hero",
                "size": "m",
                "width": 363,
              },
              "id": "diamondscape-indoor-outdoor-rug-t6033",
              "images": Array [
                Object {
                  "alt": "",
                  "height": 363,
                  "href": "https://assets.weimgs.com/weimgs/ab/images/wcm/products/202107/0079/diamondscape-indoor-outdoor-rug-m.jpg",
                  "meta": "",
                  "rel": "althero",
                  "size": "m",
                  "width": 363,
                },
                Object {
                  "alt": "",
                  "height": 363,
                  "href": "https://assets.weimgs.com/weimgs/ab/images/wcm/products/202107/0080/diamondscape-indoor-outdoor-rug-m.jpg",
                  "meta": "",
                  "rel": "althero",
                  "size": "m",
                  "width": 363,
                },
                Object {
                  "alt": "",
                  "height": 363,
                  "href": "https://assets.weimgs.com/weimgs/ab/images/wcm/products/202107/0080/diamondscape-indoor-outdoor-rug-1-m.jpg",
                  "meta": "",
                  "rel": "althero",
                  "size": "m",
                  "width": 363,
                },
                Object {
                  "alt": "",
                  "height": 363,
                  "href": "https://assets.weimgs.com/weimgs/ab/images/wcm/products/202109/0068/diamondscape-indoor-outdoor-rug-m.jpg",
                  "meta": "",
                  "rel": "althero",
                  "size": "m",
                  "width": 363,
                },
              ],
              "links": Object {
                "www": "https://www.westelm.com/products/diamondscape-indoor-outdoor-rug-t6033/",
              },
              "messages": Array [],
              "name": "Diamondscape Indoor/Outdoor Rug",
              "priceRange": Object {
                "selling": Object {
                  "high": 900,
                  "low": 300,
                },
              },
              "reviews": Object {
                "averageRating": 0,
                "id": "diamondscape-indoor-outdoor-rug-t6033",
                "likelihood": 0,
                "recommendationCount": 0,
                "reviewCount": 0,
                "type": "GROUP_REVIEWS",
              },
              "swatches": Array [],
              "thumbnail": Object {
                "alt": "",
                "height": 363,
                "href": "https://assets.weimgs.com/weimgs/ab/images/wcm/products/202108/0216/diamondscape-indoor-outdoor-rug-m.jpg",
                "meta": "",
                "rel": "thumbnail",
                "size": "m",
                "width": 363,
              },
            },
            Object {
              "flags": Array [
                Object {
                  "bopisSuppress": false,
                  "id": "newcore",
                  "rank": 3,
                },
                Object {
                  "bopisSuppress": false,
                  "id": "handmade",
                  "rank": 8,
                },
                Object {
                  "bopisSuppress": false,
                  "id": "fairTrade",
                  "rank": 9,
                },
                Object {
                  "bopisSuppress": false,
                  "id": "handcrafted",
                  "rank": 10,
                },
              ],
              "hero": Object {
                "alt": "",
                "height": 363,
                "href": "https://assets.weimgs.com/weimgs/ab/images/wcm/products/202110/0212/desert-stream-indoor-outdoor-rug-m.jpg",
                "meta": "",
                "rel": "hero",
                "size": "m",
                "width": 363,
              },
              "id": "desert-stream-indoor-outdoor-rug-t6034",
              "images": Array [
                Object {
                  "alt": "",
                  "height": 363,
                  "href": "https://assets.weimgs.com/weimgs/ab/images/wcm/products/202107/0080/desert-stream-indoor-outdoor-rug-m.jpg",
                  "meta": "",
                  "rel": "althero",
                  "size": "m",
                  "width": 363,
                },
                Object {
                  "alt": "",
                  "height": 363,
                  "href": "https://assets.weimgs.com/weimgs/ab/images/wcm/products/202107/0080/desert-stream-indoor-outdoor-rug-3-m.jpg",
                  "meta": "",
                  "rel": "althero",
                  "size": "m",
                  "width": 363,
                },
                Object {
                  "alt": "",
                  "height": 363,
                  "href": "https://assets.weimgs.com/weimgs/ab/images/wcm/products/202107/0080/desert-stream-indoor-outdoor-rug-2-m.jpg",
                  "meta": "",
                  "rel": "althero",
                  "size": "m",
                  "width": 363,
                },
              ],
              "links": Object {
                "www": "https://www.westelm.com/products/desert-stream-indoor-outdoor-rug-t6034/",
              },
              "messages": Array [],
              "name": "Desert Stream Indoor/Outdoor Rug",
              "priceRange": Object {
                "selling": Object {
                  "high": 900,
                  "low": 300,
                },
              },
              "reviews": Object {
                "averageRating": 0,
                "id": "desert-stream-indoor-outdoor-rug-t6034",
                "likelihood": 0,
                "recommendationCount": 0,
                "reviewCount": 0,
                "type": "GROUP_REVIEWS",
              },
              "swatches": Array [],
              "thumbnail": Object {
                "alt": "",
                "height": 363,
                "href": "https://assets.weimgs.com/weimgs/ab/images/wcm/products/202110/0212/desert-stream-indoor-outdoor-rug-m.jpg",
                "meta": "",
                "rel": "thumbnail",
                "size": "m",
                "width": 363,
              },
            },
            Object {
              "flags": Array [
                Object {
                  "bopisSuppress": false,
                  "id": "newcore",
                  "rank": 3,
                },
                Object {
                  "bopisSuppress": false,
                  "id": "handmade",
                  "rank": 8,
                },
                Object {
                  "bopisSuppress": false,
                  "id": "fairTrade",
                  "rank": 9,
                },
                Object {
                  "bopisSuppress": false,
                  "id": "handcrafted",
                  "rank": 10,
                },
              ],
              "hero": Object {
                "alt": "",
                "height": 363,
                "href": "https://assets.weimgs.com/weimgs/ab/images/wcm/products/202107/0080/sonora-indoor-outdoor-rug-1-m.jpg",
                "meta": "",
                "rel": "hero",
                "size": "m",
                "width": 363,
              },
              "id": "sonora-indoor-outdoor-rug-t6036",
              "images": Array [
                Object {
                  "alt": "",
                  "height": 363,
                  "href": "https://assets.weimgs.com/weimgs/ab/images/wcm/products/202109/0081/sonora-indoor-outdoor-rug-m.jpg",
                  "meta": "",
                  "rel": "althero",
                  "size": "m",
                  "width": 363,
                },
                Object {
                  "alt": "",
                  "height": 363,
                  "href": "https://assets.weimgs.com/weimgs/ab/images/wcm/products/202107/0080/sonora-indoor-outdoor-rug-m.jpg",
                  "meta": "",
                  "rel": "althero",
                  "size": "m",
                  "width": 363,
                },
                Object {
                  "alt": "",
                  "height": 363,
                  "href": "https://assets.weimgs.com/weimgs/ab/images/wcm/products/202107/0080/sonora-indoor-outdoor-rug-3-m.jpg",
                  "meta": "",
                  "rel": "althero",
                  "size": "m",
                  "width": 363,
                },
                Object {
                  "alt": "",
                  "height": 363,
                  "href": "https://assets.weimgs.com/weimgs/ab/images/wcm/products/202110/0220/sonora-indoor-outdoor-rug-m.jpg",
                  "meta": "",
                  "rel": "althero",
                  "size": "m",
                  "width": 363,
                },
              ],
              "links": Object {
                "www": "https://www.westelm.com/products/sonora-indoor-outdoor-rug-t6036/",
              },
              "messages": Array [],
              "name": "Sonora Indoor/Outdoor Rug",
              "priceRange": Object {
                "selling": Object {
                  "high": 900,
                  "low": 300,
                },
              },
              "reviews": Object {
                "averageRating": 0,
                "id": "sonora-indoor-outdoor-rug-t6036",
                "likelihood": 0,
                "recommendationCount": 0,
                "reviewCount": 0,
                "type": "GROUP_REVIEWS",
              },
              "swatches": Array [],
              "thumbnail": Object {
                "alt": "",
                "height": 363,
                "href": "https://assets.weimgs.com/weimgs/ab/images/wcm/products/202107/0080/sonora-indoor-outdoor-rug-1-m.jpg",
                "meta": "",
                "rel": "thumbnail",
                "size": "m",
                "width": 363,
              },
            },
            Object {
              "flags": Array [
                Object {
                  "bopisSuppress": false,
                  "id": "newcore",
                  "rank": 3,
                },
                Object {
                  "bopisSuppress": false,
                  "id": "handmade",
                  "rank": 8,
                },
                Object {
                  "bopisSuppress": false,
                  "id": "fairTrade",
                  "rank": 9,
                },
                Object {
                  "bopisSuppress": false,
                  "id": "handcrafted",
                  "rank": 10,
                },
              ],
              "hero": Object {
                "alt": "",
                "height": 363,
                "href": "https://assets.weimgs.com/weimgs/ab/images/wcm/products/202112/0009/acoma-indoor-outdoor-rug-m.jpg",
                "meta": "",
                "rel": "hero",
                "size": "m",
                "width": 363,
              },
              "id": "acoma-indoor-outdoor-rug-t6031",
              "images": Array [
                Object {
                  "alt": "",
                  "height": 363,
                  "href": "https://assets.weimgs.com/weimgs/ab/images/wcm/products/202112/0009/acoma-indoor-outdoor-rug-1-m.jpg",
                  "meta": "",
                  "rel": "althero",
                  "size": "m",
                  "width": 363,
                },
                Object {
                  "alt": "",
                  "height": 363,
                  "href": "https://assets.weimgs.com/weimgs/ab/images/wcm/products/202108/0115/acoma-indoor-outdoor-rug-1-m.jpg",
                  "meta": "",
                  "rel": "althero",
                  "size": "m",
                  "width": 363,
                },
                Object {
                  "alt": "",
                  "height": 363,
                  "href": "https://assets.weimgs.com/weimgs/ab/images/wcm/products/202108/0115/acoma-indoor-outdoor-rug-m.jpg",
                  "meta": "",
                  "rel": "althero",
                  "size": "m",
                  "width": 363,
                },
                Object {
                  "alt": "",
                  "height": 363,
                  "href": "https://assets.weimgs.com/weimgs/ab/images/wcm/products/202108/0115/acoma-indoor-outdoor-rug-2-m.jpg",
                  "meta": "",
                  "rel": "althero",
                  "size": "m",
                  "width": 363,
                },
                Object {
                  "alt": "",
                  "height": 363,
                  "href": "https://assets.weimgs.com/weimgs/ab/images/wcm/products/202110/0148/acoma-indoor-outdoor-rug-1-m.jpg",
                  "meta": "",
                  "rel": "althero",
                  "size": "m",
                  "width": 363,
                },
                Object {
                  "alt": "",
                  "height": 363,
                  "href": "https://assets.weimgs.com/weimgs/ab/images/wcm/products/202109/0117/acoma-indoor-outdoor-rug-1-m.jpg",
                  "meta": "",
                  "rel": "althero",
                  "size": "m",
                  "width": 363,
                },
                Object {
                  "alt": "",
                  "height": 363,
                  "href": "https://assets.weimgs.com/weimgs/ab/images/wcm/products/202107/0081/acoma-indoor-outdoor-rug-2-m.jpg",
                  "meta": "",
                  "rel": "althero",
                  "size": "m",
                  "width": 363,
                },
                Object {
                  "alt": "",
                  "height": 363,
                  "href": "https://assets.weimgs.com/weimgs/ab/images/wcm/products/202107/0081/acoma-indoor-outdoor-rug-1-m.jpg",
                  "meta": "",
                  "rel": "althero",
                  "size": "m",
                  "width": 363,
                },
                Object {
                  "alt": "",
                  "height": 363,
                  "href": "https://assets.weimgs.com/weimgs/ab/images/wcm/products/202107/0081/acoma-indoor-outdoor-rug-m.jpg",
                  "meta": "",
                  "rel": "althero",
                  "size": "m",
                  "width": 363,
                },
              ],
              "links": Object {
                "www": "https://www.westelm.com/products/acoma-indoor-outdoor-rug-t6031/",
              },
              "messages": Array [],
              "name": "Acoma Indoor/Outdoor Rug",
              "priceRange": Object {
                "selling": Object {
                  "high": 900,
                  "low": 170,
                },
              },
              "reviews": Object {
                "averageRating": 0,
                "id": "acoma-indoor-outdoor-rug-t6031",
                "likelihood": 0,
                "recommendationCount": 0,
                "reviewCount": 0,
                "type": "GROUP_REVIEWS",
              },
              "swatches": Array [],
              "thumbnail": Object {
                "alt": "",
                "height": 363,
                "href": "https://assets.weimgs.com/weimgs/ab/images/wcm/products/202112/0009/acoma-indoor-outdoor-rug-m.jpg",
                "meta": "",
                "rel": "thumbnail",
                "size": "m",
                "width": 363,
              },
            },
            Object {
              "flags": Array [
                Object {
                  "bopisSuppress": false,
                  "id": "newcore",
                  "rank": 3,
                },
                Object {
                  "bopisSuppress": false,
                  "id": "handcrafted",
                  "rank": 10,
                },
              ],
              "hero": Object {
                "alt": "",
                "height": 363,
                "href": "https://assets.weimgs.com/weimgs/ab/images/wcm/products/202112/0009/graphic-arches-indoor-outdoor-rug-m.jpg",
                "meta": "",
                "rel": "hero",
                "size": "m",
                "width": 363,
              },
              "id": "graphic-arches-indoor-outdoor-rug-t6032",
              "images": Array [
                Object {
                  "alt": "",
                  "height": 363,
                  "href": "https://assets.weimgs.com/weimgs/ab/images/wcm/products/202109/0121/graphic-arches-indoor-outdoor-rug-2-m.jpg",
                  "meta": "",
                  "rel": "althero",
                  "size": "m",
                  "width": 363,
                },
                Object {
                  "alt": "",
                  "height": 363,
                  "href": "https://assets.weimgs.com/weimgs/ab/images/wcm/products/202107/0082/graphic-arches-indoor-outdoor-rug-m.jpg",
                  "meta": "",
                  "rel": "althero",
                  "size": "m",
                  "width": 363,
                },
                Object {
                  "alt": "",
                  "height": 363,
                  "href": "https://assets.weimgs.com/weimgs/ab/images/wcm/products/202107/0082/graphic-arches-indoor-outdoor-rug-5-m.jpg",
                  "meta": "",
                  "rel": "althero",
                  "size": "m",
                  "width": 363,
                },
                Object {
                  "alt": "",
                  "height": 363,
                  "href": "https://assets.weimgs.com/weimgs/ab/images/wcm/products/202107/0082/graphic-arches-indoor-outdoor-rug-3-m.jpg",
                  "meta": "",
                  "rel": "althero",
                  "size": "m",
                  "width": 363,
                },
                Object {
                  "alt": "",
                  "height": 363,
                  "href": "https://assets.weimgs.com/weimgs/ab/images/wcm/products/202109/0121/graphic-arches-indoor-outdoor-rug-1-m.jpg",
                  "meta": "",
                  "rel": "althero",
                  "size": "m",
                  "width": 363,
                },
                Object {
                  "alt": "",
                  "height": 363,
                  "href": "https://assets.weimgs.com/weimgs/ab/images/wcm/products/202107/0082/graphic-arches-indoor-outdoor-rug-1-m.jpg",
                  "meta": "",
                  "rel": "althero",
                  "size": "m",
                  "width": 363,
                },
                Object {
                  "alt": "",
                  "height": 363,
                  "href": "https://assets.weimgs.com/weimgs/ab/images/wcm/products/202107/0082/graphic-arches-indoor-outdoor-rug-2-m.jpg",
                  "meta": "",
                  "rel": "althero",
                  "size": "m",
                  "width": 363,
                },
                Object {
                  "alt": "",
                  "height": 363,
                  "href": "https://assets.weimgs.com/weimgs/ab/images/wcm/products/202107/0082/graphic-arches-indoor-outdoor-rug-4-m.jpg",
                  "meta": "",
                  "rel": "althero",
                  "size": "m",
                  "width": 363,
                },
              ],
              "links": Object {
                "www": "https://www.westelm.com/products/graphic-arches-indoor-outdoor-rug-t6032/",
              },
              "messages": Array [],
              "name": "Graphic Arches Indoor/Outdoor Rug",
              "priceRange": Object {
                "selling": Object {
                  "high": 900,
                  "low": 170,
                },
              },
              "reviews": Object {
                "averageRating": 0,
                "id": "graphic-arches-indoor-outdoor-rug-t6032",
                "likelihood": 0,
                "recommendationCount": 0,
                "reviewCount": 0,
                "type": "GROUP_REVIEWS",
              },
              "swatches": Array [],
              "thumbnail": Object {
                "alt": "",
                "height": 363,
                "href": "https://assets.weimgs.com/weimgs/ab/images/wcm/products/202109/0156/graphic-arches-indoor-outdoor-rug-m.jpg",
                "meta": "",
                "rel": "thumbnail",
                "size": "m",
                "width": 363,
              },
            },
            Object {
              "flags": Array [
                Object {
                  "bopisSuppress": false,
                  "id": "newcore",
                  "rank": 3,
                },
                Object {
                  "bopisSuppress": false,
                  "id": "handmade",
                  "rank": 8,
                },
                Object {
                  "bopisSuppress": false,
                  "id": "handcrafted",
                  "rank": 10,
                },
              ],
              "hero": Object {
                "alt": "",
                "height": 363,
                "href": "https://assets.weimgs.com/weimgs/ab/images/wcm/products/202112/0009/rope-herringbone-indoor-outdoor-rug-m.jpg",
                "meta": "",
                "rel": "hero",
                "size": "m",
                "width": 363,
              },
              "id": "rope-herringbone-indoor-outdoor-rug-t6035",
              "images": Array [
                Object {
                  "alt": "",
                  "height": 363,
                  "href": "https://assets.weimgs.com/weimgs/ab/images/wcm/products/202107/0083/rope-herringbone-indoor-outdoor-rug-2-m.jpg",
                  "meta": "",
                  "rel": "althero",
                  "size": "m",
                  "width": 363,
                },
                Object {
                  "alt": "",
                  "height": 363,
                  "href": "https://assets.weimgs.com/weimgs/ab/images/wcm/products/202107/0083/rope-herringbone-indoor-outdoor-rug-1-m.jpg",
                  "meta": "",
                  "rel": "althero",
                  "size": "m",
                  "width": 363,
                },
                Object {
                  "alt": "",
                  "height": 363,
                  "href": "https://assets.weimgs.com/weimgs/ab/images/wcm/products/202107/0083/rope-herringbone-indoor-outdoor-rug-m.jpg",
                  "meta": "",
                  "rel": "althero",
                  "size": "m",
                  "width": 363,
                },
                Object {
                  "alt": "",
                  "height": 363,
                  "href": "https://assets.weimgs.com/weimgs/ab/images/wcm/products/202109/0122/rope-herringbone-indoor-outdoor-rug-1-m.jpg",
                  "meta": "",
                  "rel": "althero",
                  "size": "m",
                  "width": 363,
                },
                Object {
                  "alt": "",
                  "height": 363,
                  "href": "https://assets.weimgs.com/weimgs/ab/images/wcm/products/202108/0116/rope-herringbone-indoor-outdoor-rug-2-m.jpg",
                  "meta": "",
                  "rel": "althero",
                  "size": "m",
                  "width": 363,
                },
                Object {
                  "alt": "",
                  "height": 363,
                  "href": "https://assets.weimgs.com/weimgs/ab/images/wcm/products/202108/0116/rope-herringbone-indoor-outdoor-rug-1-m.jpg",
                  "meta": "",
                  "rel": "althero",
                  "size": "m",
                  "width": 363,
                },
                Object {
                  "alt": "",
                  "height": 363,
                  "href": "https://assets.weimgs.com/weimgs/ab/images/wcm/products/202108/0116/rope-herringbone-indoor-outdoor-rug-m.jpg",
                  "meta": "",
                  "rel": "althero",
                  "size": "m",
                  "width": 363,
                },
                Object {
                  "alt": "",
                  "height": 363,
                  "href": "https://assets.weimgs.com/weimgs/ab/images/wcm/products/202110/0220/rope-herringbone-indoor-outdoor-rug-m.jpg",
                  "meta": "",
                  "rel": "althero",
                  "size": "m",
                  "width": 363,
                },
              ],
              "links": Object {
                "www": "https://www.westelm.com/products/rope-herringbone-indoor-outdoor-rug-t6035/",
              },
              "messages": Array [],
              "name": "Rope Herringbone Indoor/Outdoor Rug",
              "priceRange": Object {
                "selling": Object {
                  "high": 700,
                  "low": 200,
                },
              },
              "reviews": Object {
                "averageRating": 0,
                "id": "rope-herringbone-indoor-outdoor-rug-t6035",
                "likelihood": 0,
                "recommendationCount": 0,
                "reviewCount": 0,
                "type": "GROUP_REVIEWS",
              },
              "swatches": Array [],
              "thumbnail": Object {
                "alt": "",
                "height": 363,
                "href": "https://assets.weimgs.com/weimgs/ab/images/wcm/products/202109/0156/rope-herringbone-indoor-outdoor-rug-m.jpg",
                "meta": "",
                "rel": "thumbnail",
                "size": "m",
                "width": 363,
              },
            },
            Object {
              "flags": Array [
                Object {
                  "bopisSuppress": false,
                  "id": "newcore",
                  "rank": 3,
                },
                Object {
                  "bopisSuppress": false,
                  "id": "handcrafted",
                  "rank": 10,
                },
              ],
              "hero": Object {
                "alt": "",
                "height": 363,
                "href": "https://assets.weimgs.com/weimgs/ab/images/wcm/products/202109/0156/beach-stripe-indoor-outdoor-rug-1-m.jpg",
                "meta": "",
                "rel": "hero",
                "size": "m",
                "width": 363,
              },
              "id": "beach-stripe-indoor-outdoor-rug-t6037",
              "images": Array [
                Object {
                  "alt": "",
                  "height": 363,
                  "href": "https://assets.weimgs.com/weimgs/ab/images/wcm/products/202107/0083/beach-stripe-indoor-outdoor-rug-m.jpg",
                  "meta": "",
                  "rel": "althero",
                  "size": "m",
                  "width": 363,
                },
                Object {
                  "alt": "",
                  "height": 363,
                  "href": "https://assets.weimgs.com/weimgs/ab/images/wcm/products/202107/0083/beach-stripe-indoor-outdoor-rug-7-m.jpg",
                  "meta": "",
                  "rel": "althero",
                  "size": "m",
                  "width": 363,
                },
                Object {
                  "alt": "",
                  "height": 363,
                  "href": "https://assets.weimgs.com/weimgs/ab/images/wcm/products/202107/0083/beach-stripe-indoor-outdoor-rug-4-m.jpg",
                  "meta": "",
                  "rel": "althero",
                  "size": "m",
                  "width": 363,
                },
                Object {
                  "alt": "",
                  "height": 363,
                  "href": "https://assets.weimgs.com/weimgs/ab/images/wcm/products/202109/0156/beach-stripe-indoor-outdoor-rug-3-m.jpg",
                  "meta": "",
                  "rel": "althero",
                  "size": "m",
                  "width": 363,
                },
                Object {
                  "alt": "",
                  "height": 363,
                  "href": "https://assets.weimgs.com/weimgs/ab/images/wcm/products/202107/0083/beach-stripe-indoor-outdoor-rug-5-m.jpg",
                  "meta": "",
                  "rel": "althero",
                  "size": "m",
                  "width": 363,
                },
                Object {
                  "alt": "",
                  "height": 363,
                  "href": "https://assets.weimgs.com/weimgs/ab/images/wcm/products/202107/0083/beach-stripe-indoor-outdoor-rug-1-m.jpg",
                  "meta": "",
                  "rel": "althero",
                  "size": "m",
                  "width": 363,
                },
                Object {
                  "alt": "",
                  "height": 363,
                  "href": "https://assets.weimgs.com/weimgs/ab/images/wcm/products/202107/0083/beach-stripe-indoor-outdoor-rug-2-m.jpg",
                  "meta": "",
                  "rel": "althero",
                  "size": "m",
                  "width": 363,
                },
              ],
              "links": Object {
                "www": "https://www.westelm.com/products/beach-stripe-indoor-outdoor-rug-t6037/",
              },
              "messages": Array [],
              "name": "Beach Stripe Indoor/Outdoor Rug",
              "priceRange": Object {
                "selling": Object {
                  "high": 700,
                  "low": 25,
                },
              },
              "reviews": Object {
                "averageRating": 0,
                "id": "beach-stripe-indoor-outdoor-rug-t6037",
                "likelihood": 0,
                "recommendationCount": 0,
                "reviewCount": 0,
                "type": "GROUP_REVIEWS",
              },
              "swatches": Array [],
              "thumbnail": Object {
                "alt": "",
                "height": 363,
                "href": "https://assets.weimgs.com/weimgs/ab/images/wcm/products/202109/0156/beach-stripe-indoor-outdoor-rug-1-m.jpg",
                "meta": "",
                "rel": "thumbnail",
                "size": "m",
                "width": 363,
              },
            },
            Object {
              "flags": Array [
                Object {
                  "bopisSuppress": false,
                  "id": "handmade",
                  "rank": 8,
                },
                Object {
                  "bopisSuppress": false,
                  "id": "fairTrade",
                  "rank": 9,
                },
                Object {
                  "bopisSuppress": false,
                  "id": "handcrafted",
                  "rank": 10,
                },
                Object {
                  "bopisSuppress": false,
                  "id": "new_colors",
                  "rank": 11,
                },
              ],
              "hero": Object {
                "alt": "",
                "height": 363,
                "href": "https://assets.weimgs.com/weimgs/ab/images/wcm/products/202106/0024/reflected-diamonds-indoor-outdoor-rug-m.jpg",
                "meta": "",
                "rel": "hero",
                "size": "m",
                "width": 363,
              },
              "id": "reflected-diamonds-indoor-outdoor-rug-t4384",
              "images": Array [
                Object {
                  "alt": "",
                  "height": 363,
                  "href": "https://assets.weimgs.com/weimgs/ab/images/wcm/products/202040/0153/reflected-diamonds-indoor-outdoor-rug-m.jpg",
                  "meta": "",
                  "rel": "althero",
                  "size": "m",
                  "width": 363,
                },
                Object {
                  "alt": "",
                  "height": 363,
                  "href": "https://assets.weimgs.com/weimgs/ab/images/wcm/products/202040/0216/reflected-diamonds-indoor-outdoor-rug-m.jpg",
                  "meta": "",
                  "rel": "althero",
                  "size": "m",
                  "width": 363,
                },
                Object {
                  "alt": "",
                  "height": 363,
                  "href": "https://assets.weimgs.com/weimgs/ab/images/wcm/products/202040/0012/reflected-diamonds-indoor-outdoor-rug-m.jpg",
                  "meta": "",
                  "rel": "althero",
                  "size": "m",
                  "width": 363,
                },
                Object {
                  "alt": "",
                  "height": 363,
                  "href": "https://assets.weimgs.com/weimgs/ab/images/wcm/products/202108/0147/reflected-diamonds-indoor-outdoor-rug-m.jpg",
                  "meta": "",
                  "rel": "althero",
                  "size": "m",
                  "width": 363,
                },
                Object {
                  "alt": "",
                  "height": 363,
                  "href": "https://assets.weimgs.com/weimgs/ab/images/wcm/products/202111/0241/reflected-diamonds-indoor-outdoor-rug-m.jpg",
                  "meta": "",
                  "rel": "althero",
                  "size": "m",
                  "width": 363,
                },
                Object {
                  "alt": "",
                  "height": 363,
                  "href": "https://assets.weimgs.com/weimgs/ab/images/wcm/products/202111/0241/reflected-diamonds-indoor-outdoor-rug-3-m.jpg",
                  "meta": "",
                  "rel": "althero",
                  "size": "m",
                  "width": 363,
                },
                Object {
                  "alt": "",
                  "height": 363,
                  "href": "https://assets.weimgs.com/weimgs/ab/images/wcm/products/202111/0241/reflected-diamonds-indoor-outdoor-rug-2-m.jpg",
                  "meta": "",
                  "rel": "althero",
                  "size": "m",
                  "width": 363,
                },
                Object {
                  "alt": "",
                  "height": 363,
                  "href": "https://assets.weimgs.com/weimgs/ab/images/wcm/products/202111/0241/reflected-diamonds-indoor-outdoor-rug-1-m.jpg",
                  "meta": "",
                  "rel": "althero",
                  "size": "m",
                  "width": 363,
                },
                Object {
                  "alt": "",
                  "height": 363,
                  "href": "https://assets.weimgs.com/weimgs/ab/images/wcm/products/202052/0011/reflected-diamonds-indoor-outdoor-rug-m.jpg",
                  "meta": "",
                  "rel": "althero",
                  "size": "m",
                  "width": 363,
                },
                Object {
                  "alt": "",
                  "height": 363,
                  "href": "https://assets.weimgs.com/weimgs/ab/images/wcm/products/202108/0146/reflected-diamonds-indoor-outdoor-rug-2-m.jpg",
                  "meta": "",
                  "rel": "althero",
                  "size": "m",
                  "width": 363,
                },
                Object {
                  "alt": "",
                  "height": 363,
                  "href": "https://assets.weimgs.com/weimgs/ab/images/wcm/products/202052/0013/reflected-diamonds-indoor-outdoor-rug-m.jpg",
                  "meta": "",
                  "rel": "althero",
                  "size": "m",
                  "width": 363,
                },
                Object {
                  "alt": "",
                  "height": 363,
                  "href": "https://assets.weimgs.com/weimgs/ab/images/wcm/products/202108/0148/reflected-diamonds-indoor-outdoor-rug-m.jpg",
                  "meta": "",
                  "rel": "althero",
                  "size": "m",
                  "width": 363,
                },
                Object {
                  "alt": "",
                  "height": 363,
                  "href": "https://assets.weimgs.com/weimgs/ab/images/wcm/products/202052/0009/reflected-diamonds-indoor-outdoor-rug-1-m.jpg",
                  "meta": "",
                  "rel": "althero",
                  "size": "m",
                  "width": 363,
                },
                Object {
                  "alt": "",
                  "height": 363,
                  "href": "https://assets.weimgs.com/weimgs/ab/images/wcm/products/202108/0146/reflected-diamonds-indoor-outdoor-rug-1-m.jpg",
                  "meta": "",
                  "rel": "althero",
                  "size": "m",
                  "width": 363,
                },
                Object {
                  "alt": "",
                  "height": 363,
                  "href": "https://assets.weimgs.com/weimgs/ab/images/wcm/products/202052/0008/reflected-diamonds-indoor-outdoor-rug-m.jpg",
                  "meta": "",
                  "rel": "althero",
                  "size": "m",
                  "width": 363,
                },
                Object {
                  "alt": "",
                  "height": 363,
                  "href": "https://assets.weimgs.com/weimgs/ab/images/wcm/products/202108/0146/reflected-diamonds-indoor-outdoor-rug-m.jpg",
                  "meta": "",
                  "rel": "althero",
                  "size": "m",
                  "width": 363,
                },
                Object {
                  "alt": "",
                  "height": 363,
                  "href": "https://assets.weimgs.com/weimgs/ab/images/wcm/products/202052/0009/reflected-diamonds-indoor-outdoor-rug-m.jpg",
                  "meta": "",
                  "rel": "althero",
                  "size": "m",
                  "width": 363,
                },
                Object {
                  "alt": "",
                  "height": 363,
                  "href": "https://assets.weimgs.com/weimgs/ab/images/wcm/products/202108/0146/reflected-diamonds-indoor-outdoor-rug-3-m.jpg",
                  "meta": "",
                  "rel": "althero",
                  "size": "m",
                  "width": 363,
                },
                Object {
                  "alt": "",
                  "height": 363,
                  "href": "https://assets.weimgs.com/weimgs/ab/images/wcm/products/202052/0007/reflected-diamonds-indoor-outdoor-rug-m.jpg",
                  "meta": "",
                  "rel": "althero",
                  "size": "m",
                  "width": 363,
                },
                Object {
                  "alt": "",
                  "height": 363,
                  "href": "https://assets.weimgs.com/weimgs/ab/images/wcm/products/202108/0147/reflected-diamonds-indoor-outdoor-rug-1-m.jpg",
                  "meta": "",
                  "rel": "althero",
                  "size": "m",
                  "width": 363,
                },
                Object {
                  "alt": "",
                  "height": 363,
                  "href": "https://assets.weimgs.com/weimgs/ab/images/wcm/products/202049/0008/reflected-diamonds-indoor-outdoor-rug-m.jpg",
                  "meta": "",
                  "rel": "althero",
                  "size": "m",
                  "width": 363,
                },
                Object {
                  "alt": "",
                  "height": 363,
                  "href": "https://assets.weimgs.com/weimgs/ab/images/wcm/products/202049/0007/reflected-diamonds-indoor-outdoor-rug-m.jpg",
                  "meta": "",
                  "rel": "althero",
                  "size": "m",
                  "width": 363,
                },
                Object {
                  "alt": "",
                  "height": 363,
                  "href": "https://assets.weimgs.com/weimgs/ab/images/wcm/products/202049/0002/reflected-diamonds-indoor-outdoor-rug-m.jpg",
                  "meta": "",
                  "rel": "althero",
                  "size": "m",
                  "width": 363,
                },
              ],
              "links": Object {
                "www": "https://www.westelm.com/products/reflected-diamonds-indoor-outdoor-rug-t4384/",
              },
              "messages": Array [],
              "name": "Reflected Diamonds Indoor/Outdoor Rug",
              "priceRange": Object {
                "selling": Object {
                  "high": 1400,
                  "low": 25,
                },
                "type": "special",
              },
              "reviews": Object {
                "averageRating": 0,
                "id": "reflected-diamonds-indoor-outdoor-rug-t4384",
                "likelihood": 0,
                "recommendationCount": 0,
                "reviewCount": 0,
                "type": "GROUP_REVIEWS",
              },
              "swatches": Array [],
              "thumbnail": Object {
                "alt": "",
                "height": 363,
                "href": "https://assets.weimgs.com/weimgs/ab/images/wcm/products/202106/0024/reflected-diamonds-indoor-outdoor-rug-m.jpg",
                "meta": "",
                "rel": "thumbnail",
                "size": "m",
                "width": 363,
              },
            },
          ],
          "id": "shop/new/all-new",
          "name": "All New",
          "totalPages": 53,
        }
      }
    />
  </Row>
</Container>
`;
